	Note:

-p : for the content
-t : for the type 
-s : for checking the staging area

Various hashing functions:

MDS
SHA1
SHA256
SHA 384
SHA 512

4 objects of the git:-
1) Blob- binary large object
2) Tree
3) commit
4) tags

Working Directory

Staging Area

Git Repo




--------------
| 11.09.2023 |
--------------

LF -> working dir (line fail)
CRLF -> career LF ||find Staging area

git ls-files -s || what types of files are available for staging area

100644 -> blob id

git cat-file -t 0ac9 || to check the type of the object

git cat-file -p 0ac9 || to check the contents

git cat-file -p 0ac9 || to check for the size

$ git cat-file -t 6135 || commit

$ git cat-file -t 36a9 || tree

git log || to check how many commits are there

--------------
| 12.09.2023 |
--------------

       Tree
	 |
    -----------
    |         |

  Blob      Blob 


git rm --cached a1.txt || to remove tracking a file
 
git ls-files -s || to check what are the remaing tracked files
	
cat .git/head


---------------------------------------------------------
Now repository ==> working dir

1) git init

2) echo "first" | git hash-object --stdin -w // to create a git objects

3) create a file outside the dir
	
*100644 -> blob id

4) 100644 blob 9c59e24b8393179a5d712de4f990178df5734d99 a.txt
	// in f1.txt

5) repeat the process for the other blob

--------------
| 13.09.2023 |
--------------

6)  cat f1.txt | git mktree // to make tree

7) git read-tree 59882 // read tree

8)  git checkout-index -a // file are transfered from staging area to working dir


       git checkout     git tree [tree_id]

           <--                  <--

working dir	staging area 	     repo
    |		     |    	      |
    v		     v                v
    ls        git ls-files -s       find .git/objects -type f

9) $ git cat-file -p 93825 // to view the content of commit

--------------
| 14.09.2023 |
--------------

10) git rm --cached a.txt // to delete the file {blob}

11) do git commit	

12) check git log

13) { master will shift to the new commit head }

14)  delete all and do commit

//now restoration of files

15) git checkout [code]

--------------
| 26.09.2023 |
--------------

#task1

Create any 2 blob objects move these objects to the staging area and then to the working dir

#task2
create 2 files in a folder [path: Documents/gitProject/]
file1.txt	file2.txt
move from working  dir -> satging area
staging area -> repo


UNIT -4

--------------
| 28.09.2023 |
--------------

Snapshot 1:

Head -> Master
     |
     v
commit [hash code]
     |
     v
tree [hash code]
     |
     v
 ---------
 |       |
 v       V
Blob   Blob


[make 2 files and commit]


Snapshot 2:

  Master                  head ->b1
     |                        |
     v                        v
commit [hash code](parent)->commit 
     |                        |
     v                        v
tree [hash code]            tree
     |                        |
     v                        v
 ---------             --------------
 |       |             |            |
 v       V             v            v
Blob   Blob          Blob         Blob

1) make branch "development"
2) git checkout / git switch
3) git branch // to check the curent branch
4) add a file
5) do commit
6) check log

Snapshot 3:

  Master                  head ->b2
     |                        |
     v                        v
commit [hash code](parent)->commit 
     |                        |
     v                        v
tree [hash code]            tree
     |                        |
     v                        v
 ---------             --------------
 |       |             |            |
 v       V             v            v
Blob   Blob          Blob         Blob


1) git checkout master
2) git checkout -b b2
3) git  branch

--------------
| 05.10.2023 |
--------------

TO delete branch on gitHub

git push orgin --delete BRANCH_NAME


Git comparision:
----------------


                git diff                       git diff --staged
working dir ------------------->Staging area ---------------------> local repo
   |                                                                   |
   |<------------------------------------------------------------------|
                                git diff head                                

SCM / VC
* Source code management


git fetch / git merge

git pull

git rebase


git rebase -i  -> never use it with remote repo , only works with on and before push or pull 


--------------------------------------------------------------------------------------------------------------

--------------
| 18.10.2023 |
--------------


git stash

git stash list   -> [ lowest no give the idea of latest stash and the vice versa ]

git stash show -p -u 

git stash show stash@{1}

-p --> with a patch

-u --> untracked files 
or
--include-untracked
or
--only-untracked	



## How to apply the stash

git stash apply         // works with latest stash

git stash apply stash@{3}


## Apply and remove the stash stack

git stash pop


## How to delete a stash

git stash clear   // deletes all statshes

git stash drop stash@{2}

git stash branch <branch_name>

or

git stash branch <branch_name> stash@{revision}

eg: git stash branch development stash@{3}

--------------
| 19.10.2023 |
--------------

git stash show -p

eg:

####################################################

HP@Debayan MINGW64 ~/desktop/new (main)
$ git stash show -p
diff --git a/a.txt b/a.txt
index 2d82339..f1de47b 100644
--- a/a.txt
+++ b/a.txt
@@ -1 +1 @@
-stash 1
+stash no 1
diff --git a/b.txt b/b.txt
new file mode 100644
index 0000000..3595f0b
--- /dev/null
+++ b/b.txt
@@ -0,0 +1 @@
+stash no 2
diff --git a/c.txt b/c.txt
new file mode 100644
index 0000000..c460989
--- /dev/null
+++ b/c.txt
@@ -0,0 +1 @@
+stash no 3

HP@Debayan MINGW64 ~/desktop/new (main)
$ git stash show -u
 a.txt | 2 +-
 b.txt | 1 +
 c.txt | 1 +
 3 files changed, 3 insertions(+), 1 deletion(-)

HP@Debayan MINGW64 ~/desktop/new (main)
$ cat > d.txt
Stash no 4

HP@Debayan MINGW64 ~/desktop/new (main)
$ git add .
warning: in the working copy of 'd.txt', LF will be replaced by CRLF the next time Git touches it

HP@Debayan MINGW64 ~/desktop/new (main)
$ git stash
Saved working directory and index state WIP on main: 634199d initial commit

HP@Debayan MINGW64 ~/desktop/new (main)
$ git switch master
Switched to branch 'master'

HP@Debayan MINGW64 ~/desktop/new (master)
$ git stash pop
On branch master
Changes to be committed:
  (use "git restore --staged <file>..." to unstage)
        new file:   b.txt
        new file:   c.txt
        new file:   d.txt

Changes not staged for commit:
  (use "git add <file>..." to update what will be committed)
  (use "git restore <file>..." to discard changes in working directory)
        modified:   a.txt

Dropped refs/stash@{0} (0ca9a25e833973b42e24e6f543a12f9b461314d7)

HP@Debayan MINGW64 ~/desktop/new (master)
$

############################################

--------------
| 26.10.2023 |
--------------

3 way merging
                     __________C-----C-----C----B1
----C----C-----C----[__________C-----C-----C----B2
            master


--------------
| 02.11.2023 |
--------------

git tag -a v1.4 -m"version 1.4 is released" // annotated tag

git tag v1.4 -lw //light weight : by default

git tag // to check how many tags are created

git tag v1.2 12134532 // tagging of older commits

git tag -a -f v.13 12134532 // force change  or  retagging 

git push tag origin v1.4 

git push --tag

git checkout v1.4

git tag -d v1 // to delete a tag

git show v1.4 // to check the details of the tag

 

